../Core/Src/main.c:396:6:StartDefaultTask	24	static
../Core/Src/main.c:476:6:StartTask03	8	static
../Core/Src/main.c:440:6:StartTask02	32	static
../Core/Src/main.c:236:6:SystemClock_Config	128	static,ignoring_inline_asm
../Core/Src/main.c:135:5:main	64	static,ignoring_inline_asm
../Core/Src/main.c:365:1:__io_putchar	16	static
../Core/Src/main.c:374:6:HAL_UART_RxCpltCallback	8	static
../Core/Src/main.c:498:6:HAL_TIM_PeriodElapsedCallback	8	static
../Core/Src/main.c:515:6:Error_Handler	0	static,ignoring_inline_asm
