../Core/Src/main.c:135:5:main	8	static
../Core/Src/main.c:236:6:SystemClock_Config	136	static
../Core/Src/main.c:285:13:MX_USART2_UART_Init	8	static
../Core/Src/main.c:320:13:MX_GPIO_Init	56	static
../Core/Src/main.c:365:1:__io_putchar	16	static
../Core/Src/main.c:374:6:HAL_UART_RxCpltCallback	16	static
../Core/Src/main.c:396:6:StartDefaultTask	24	static
../Core/Src/main.c:440:6:StartTask02	48	static
../Core/Src/main.c:476:6:StartTask03	16	static
../Core/Src/main.c:498:6:HAL_TIM_PeriodElapsedCallback	16	static
../Core/Src/main.c:515:6:Error_Handler	8	static,ignoring_inline_asm
